--> Running go test
?   	github.com/lazyledger/lazyledger-core/abci/client	[no test files]
?   	github.com/lazyledger/lazyledger-core/abci/client/mocks	[no test files]
?   	github.com/lazyledger/lazyledger-core/abci/example/code	[no test files]
?   	github.com/lazyledger/lazyledger-core/abci/example/counter	[no test files]
ok  	github.com/lazyledger/lazyledger-core/abci/example/kvstore	(cached)
?   	github.com/lazyledger/lazyledger-core/abci/tests	[no test files]
?   	github.com/lazyledger/lazyledger-core/abci/tests/benchmarks	[no test files]
?   	github.com/lazyledger/lazyledger-core/abci/tests/benchmarks/parallel	[no test files]
?   	github.com/lazyledger/lazyledger-core/abci/tests/benchmarks/simple	[no test files]
?   	github.com/lazyledger/lazyledger-core/abci/tests/server	[no test files]
ok  	github.com/lazyledger/lazyledger-core/abci/types	(cached)
?   	github.com/lazyledger/lazyledger-core/abci/version	[no test files]
ok  	github.com/lazyledger/lazyledger-core/behaviour	(cached)
ok  	github.com/lazyledger/lazyledger-core/blockchain	(cached)
